MPLINK 5.08, LINKER
Linker Map File - Created Wed Mar 14 16:03:01 2018

                                 Section Info
                  Section       Type    Address   Location Size(Bytes)
                ---------  ---------  ---------  ---------  ---------
             RESET_VECTOR       code   0x000000    program   0x000004
                   .cinit    romdata   0x000004    program   0x000002
            HI_INT_VECTOR       code   0x000008    program   0x000002
           LOW_INT_VECTOR       code   0x000018    program   0x000002
                    .code       code   0x00001a    program   0x000070
                    dbgP0       code   0x001e40    program   0x0001c0
.config_300001_BUILD/DEFAULT/DEBUG/_EXT/5179423    romdata   0x300001    program   0x000001
              DATA_EEPROM       code   0xf00000    program   0x000010
               .udata_acs      udata   0x000000       data   0x000001
                   .udata      udata   0x000080       data   0x000005
                    dbgD0      udata   0x0000f4       data   0x00000c



                              Program Memory Usage 
                               Start         End      
                           ---------   ---------      
                            0x000000    0x000005      
                            0x000008    0x000009      
                            0x000018    0x000089      
                            0x001e40    0x001fff      
                            0x300001    0x300001      
                            0xf00000    0xf0000f      
            587 out of 8344 program addresses used, program memory utilization is 7%



                              Symbols - Sorted by Name
                     Name    Address   Location    Storage File                     
                ---------  ---------  ---------  --------- ---------                
                      AAA   0x000044    program     static ..\..\..\..\..\..\..\Downloads\practA.asm
                    DELAY   0x000072    program     static ..\..\..\..\..\..\..\Downloads\practA.asm
                  HighInt   0x00001a    program     static ..\..\..\..\..\..\..\Downloads\practA.asm
                   LowInt   0x00001c    program     static ..\..\..\..\..\..\..\Downloads\practA.asm
                     Main   0x000036    program     static ..\..\..\..\..\..\..\Downloads\practA.asm
                SWITCH_NP   0x00006a    program     static ..\..\..\..\..\..\..\Downloads\practA.asm
                 SWITCH_P   0x00004a    program     static ..\..\..\..\..\..\..\Downloads\practA.asm
              Start_Inner   0x00007a    program     static ..\..\..\..\..\..\..\Downloads\practA.asm
              Start_Outer   0x000076    program     static ..\..\..\..\..\..\..\Downloads\practA.asm
                 BSR_TEMP   0x000082       data     static ..\..\..\..\..\..\..\Downloads\practA.asm
                  EXAMPLE   0x000000       data     static ..\..\..\..\..\..\..\Downloads\practA.asm
         Loops_Left_Inner   0x000083       data     static ..\..\..\..\..\..\..\Downloads\practA.asm
         Loops_Left_Outer   0x000084       data     static ..\..\..\..\..\..\..\Downloads\practA.asm
              STATUS_TEMP   0x000081       data     static ..\..\..\..\..\..\..\Downloads\practA.asm
                WREG_TEMP   0x000080       data     static ..\..\..\..\..\..\..\Downloads\practA.asm



                              Symbols - Sorted by Address
                     Name    Address   Location    Storage File                     
                ---------  ---------  ---------  --------- ---------                
                  HighInt   0x00001a    program     static ..\..\..\..\..\..\..\Downloads\practA.asm
                   LowInt   0x00001c    program     static ..\..\..\..\..\..\..\Downloads\practA.asm
                     Main   0x000036    program     static ..\..\..\..\..\..\..\Downloads\practA.asm
                      AAA   0x000044    program     static ..\..\..\..\..\..\..\Downloads\practA.asm
                 SWITCH_P   0x00004a    program     static ..\..\..\..\..\..\..\Downloads\practA.asm
                SWITCH_NP   0x00006a    program     static ..\..\..\..\..\..\..\Downloads\practA.asm
                    DELAY   0x000072    program     static ..\..\..\..\..\..\..\Downloads\practA.asm
              Start_Outer   0x000076    program     static ..\..\..\..\..\..\..\Downloads\practA.asm
              Start_Inner   0x00007a    program     static ..\..\..\..\..\..\..\Downloads\practA.asm
                  EXAMPLE   0x000000       data     static ..\..\..\..\..\..\..\Downloads\practA.asm
                WREG_TEMP   0x000080       data     static ..\..\..\..\..\..\..\Downloads\practA.asm
              STATUS_TEMP   0x000081       data     static ..\..\..\..\..\..\..\Downloads\practA.asm
                 BSR_TEMP   0x000082       data     static ..\..\..\..\..\..\..\Downloads\practA.asm
         Loops_Left_Inner   0x000083       data     static ..\..\..\..\..\..\..\Downloads\practA.asm
         Loops_Left_Outer   0x000084       data     static ..\..\..\..\..\..\..\Downloads\practA.asm


