MPLINK 5.08, LINKER
Linker Map File - Created Sun Mar 05 15:03:02 2017

                                 Section Info
                  Section       Type    Address   Location Size(Bytes)
                ---------  ---------  ---------  ---------  ---------
             RESET_VECTOR       code   0x000000    program   0x000004
                   .cinit    romdata   0x000004    program   0x000002
            HI_INT_VECTOR       code   0x000008    program   0x000002
           LOW_INT_VECTOR       code   0x000018    program   0x000002
                    .code       code   0x00001a    program   0x000060
.config_300001_BUILD/DEFAULT/PRODUCTION/INTERRU    romdata   0x300001    program   0x000001
.config_300003_BUILD/DEFAULT/PRODUCTION/INTERRU    romdata   0x300003    program   0x000001
              DATA_EEPROM       code   0xf00000    program   0x000010
               .udata_acs      udata   0x000000       data   0x000001
                   .udata      udata   0x000080       data   0x000006



                              Program Memory Usage 
                               Start         End      
                           ---------   ---------      
                            0x000000    0x000005      
                            0x000008    0x000009      
                            0x000018    0x000079      
                            0x300001    0x300001      
                            0x300003    0x300003      
                            0xf00000    0xf0000f      
            124 out of 8344 program addresses used, program memory utilization is 1%



                              Symbols - Sorted by Name
                     Name    Address   Location    Storage File                     
                ---------  ---------  ---------  --------- ---------                
                    DELAY   0x000064    program     static C:\Users\boy52\OneDrive\Documents\semester 4\ENT 346\Projects.X\interrupt\Interrupt.X\interrupt.ASM
                  HighInt   0x00001a    program     static C:\Users\boy52\OneDrive\Documents\semester 4\ENT 346\Projects.X\interrupt\Interrupt.X\interrupt.ASM
                 INT0_ISR   0x00004c    program     static C:\Users\boy52\OneDrive\Documents\semester 4\ENT 346\Projects.X\interrupt\Interrupt.X\interrupt.ASM
                   LowInt   0x000022    program     static C:\Users\boy52\OneDrive\Documents\semester 4\ENT 346\Projects.X\interrupt\Interrupt.X\interrupt.ASM
                     Main   0x00003c    program     static C:\Users\boy52\OneDrive\Documents\semester 4\ENT 346\Projects.X\interrupt\Interrupt.X\interrupt.ASM
                     OVER   0x00004a    program     static C:\Users\boy52\OneDrive\Documents\semester 4\ENT 346\Projects.X\interrupt\Interrupt.X\interrupt.ASM
              Start_Inner   0x00006c    program     static C:\Users\boy52\OneDrive\Documents\semester 4\ENT 346\Projects.X\interrupt\Interrupt.X\interrupt.ASM
              Start_Outer   0x000068    program     static C:\Users\boy52\OneDrive\Documents\semester 4\ENT 346\Projects.X\interrupt\Interrupt.X\interrupt.ASM
                 BSR_TEMP   0x000082       data     static C:\Users\boy52\OneDrive\Documents\semester 4\ENT 346\Projects.X\interrupt\Interrupt.X\interrupt.ASM
                  EXAMPLE   0x000000       data     static C:\Users\boy52\OneDrive\Documents\semester 4\ENT 346\Projects.X\interrupt\Interrupt.X\interrupt.ASM
         Loops_Left_Inner   0x000084       data     static C:\Users\boy52\OneDrive\Documents\semester 4\ENT 346\Projects.X\interrupt\Interrupt.X\interrupt.ASM
         Loops_Left_Outer   0x000085       data     static C:\Users\boy52\OneDrive\Documents\semester 4\ENT 346\Projects.X\interrupt\Interrupt.X\interrupt.ASM
              STATUS_TEMP   0x000081       data     static C:\Users\boy52\OneDrive\Documents\semester 4\ENT 346\Projects.X\interrupt\Interrupt.X\interrupt.ASM
                    TIMES   0x000083       data     static C:\Users\boy52\OneDrive\Documents\semester 4\ENT 346\Projects.X\interrupt\Interrupt.X\interrupt.ASM
                WREG_TEMP   0x000080       data     static C:\Users\boy52\OneDrive\Documents\semester 4\ENT 346\Projects.X\interrupt\Interrupt.X\interrupt.ASM



                              Symbols - Sorted by Address
                     Name    Address   Location    Storage File                     
                ---------  ---------  ---------  --------- ---------                
                  HighInt   0x00001a    program     static C:\Users\boy52\OneDrive\Documents\semester 4\ENT 346\Projects.X\interrupt\Interrupt.X\interrupt.ASM
                   LowInt   0x000022    program     static C:\Users\boy52\OneDrive\Documents\semester 4\ENT 346\Projects.X\interrupt\Interrupt.X\interrupt.ASM
                     Main   0x00003c    program     static C:\Users\boy52\OneDrive\Documents\semester 4\ENT 346\Projects.X\interrupt\Interrupt.X\interrupt.ASM
                     OVER   0x00004a    program     static C:\Users\boy52\OneDrive\Documents\semester 4\ENT 346\Projects.X\interrupt\Interrupt.X\interrupt.ASM
                 INT0_ISR   0x00004c    program     static C:\Users\boy52\OneDrive\Documents\semester 4\ENT 346\Projects.X\interrupt\Interrupt.X\interrupt.ASM
                    DELAY   0x000064    program     static C:\Users\boy52\OneDrive\Documents\semester 4\ENT 346\Projects.X\interrupt\Interrupt.X\interrupt.ASM
              Start_Outer   0x000068    program     static C:\Users\boy52\OneDrive\Documents\semester 4\ENT 346\Projects.X\interrupt\Interrupt.X\interrupt.ASM
              Start_Inner   0x00006c    program     static C:\Users\boy52\OneDrive\Documents\semester 4\ENT 346\Projects.X\interrupt\Interrupt.X\interrupt.ASM
                  EXAMPLE   0x000000       data     static C:\Users\boy52\OneDrive\Documents\semester 4\ENT 346\Projects.X\interrupt\Interrupt.X\interrupt.ASM
                WREG_TEMP   0x000080       data     static C:\Users\boy52\OneDrive\Documents\semester 4\ENT 346\Projects.X\interrupt\Interrupt.X\interrupt.ASM
              STATUS_TEMP   0x000081       data     static C:\Users\boy52\OneDrive\Documents\semester 4\ENT 346\Projects.X\interrupt\Interrupt.X\interrupt.ASM
                 BSR_TEMP   0x000082       data     static C:\Users\boy52\OneDrive\Documents\semester 4\ENT 346\Projects.X\interrupt\Interrupt.X\interrupt.ASM
                    TIMES   0x000083       data     static C:\Users\boy52\OneDrive\Documents\semester 4\ENT 346\Projects.X\interrupt\Interrupt.X\interrupt.ASM
         Loops_Left_Inner   0x000084       data     static C:\Users\boy52\OneDrive\Documents\semester 4\ENT 346\Projects.X\interrupt\Interrupt.X\interrupt.ASM
         Loops_Left_Outer   0x000085       data     static C:\Users\boy52\OneDrive\Documents\semester 4\ENT 346\Projects.X\interrupt\Interrupt.X\interrupt.ASM


