MPLINK 5.08, LINKER
Linker Map File - Created Wed Feb 21 10:14:44 2018

                                 Section Info
                  Section       Type    Address   Location Size(Bytes)
                ---------  ---------  ---------  ---------  ---------
             RESET_VECTOR       code   0x000000    program   0x000004
                   .cinit    romdata   0x000004    program   0x000002
            HI_INT_VECTOR       code   0x000008    program   0x000002
           LOW_INT_VECTOR       code   0x000018    program   0x000002
                    .code       code   0x00001a    program   0x00002a
.config_300001_BUILD/DEFAULT/DEBUG/PROJECT.K.O    romdata   0x300001    program   0x000001
              DATA_EEPROM       code   0xf00000    program   0x000010
               .udata_acs      udata   0x000000       data   0x000001
                   .udata      udata   0x000080       data   0x000007



                              Program Memory Usage 
                               Start         End      
                           ---------   ---------      
                            0x000000    0x000005      
                            0x000008    0x000009      
                            0x000018    0x000043      
                            0x300001    0x300001      
                            0xf00000    0xf0000f      
            69 out of 8344 program addresses used, program memory utilization is 0%



                              Symbols - Sorted by Name
                     Name    Address   Location    Storage File                     
                ---------  ---------  ---------  --------- ---------                
                  HighInt   0x00001a    program     static C:\Users\boy52\OneDrive\Documents\semester 4\ENT 346\Projects.X\serial 5\PPPP.X\Project.K.asm
                   LowInt   0x00001c    program     static C:\Users\boy52\OneDrive\Documents\semester 4\ENT 346\Projects.X\serial 5\PPPP.X\Project.K.asm
                     Main   0x000036    program     static C:\Users\boy52\OneDrive\Documents\semester 4\ENT 346\Projects.X\serial 5\PPPP.X\Project.K.asm
                 BSR_TEMP   0x000082       data     static C:\Users\boy52\OneDrive\Documents\semester 4\ENT 346\Projects.X\serial 5\PPPP.X\Project.K.asm
                  EXAMPLE   0x000000       data     static C:\Users\boy52\OneDrive\Documents\semester 4\ENT 346\Projects.X\serial 5\PPPP.X\Project.K.asm
              STATUS_TEMP   0x000081       data     static C:\Users\boy52\OneDrive\Documents\semester 4\ENT 346\Projects.X\serial 5\PPPP.X\Project.K.asm
                       V1   0x000083       data     static C:\Users\boy52\OneDrive\Documents\semester 4\ENT 346\Projects.X\serial 5\PPPP.X\Project.K.asm
                       V2   0x000084       data     static C:\Users\boy52\OneDrive\Documents\semester 4\ENT 346\Projects.X\serial 5\PPPP.X\Project.K.asm
                WREG_TEMP   0x000080       data     static C:\Users\boy52\OneDrive\Documents\semester 4\ENT 346\Projects.X\serial 5\PPPP.X\Project.K.asm
                        X   0x000085       data     static C:\Users\boy52\OneDrive\Documents\semester 4\ENT 346\Projects.X\serial 5\PPPP.X\Project.K.asm
                        Y   0x000086       data     static C:\Users\boy52\OneDrive\Documents\semester 4\ENT 346\Projects.X\serial 5\PPPP.X\Project.K.asm



                              Symbols - Sorted by Address
                     Name    Address   Location    Storage File                     
                ---------  ---------  ---------  --------- ---------                
                  HighInt   0x00001a    program     static C:\Users\boy52\OneDrive\Documents\semester 4\ENT 346\Projects.X\serial 5\PPPP.X\Project.K.asm
                   LowInt   0x00001c    program     static C:\Users\boy52\OneDrive\Documents\semester 4\ENT 346\Projects.X\serial 5\PPPP.X\Project.K.asm
                     Main   0x000036    program     static C:\Users\boy52\OneDrive\Documents\semester 4\ENT 346\Projects.X\serial 5\PPPP.X\Project.K.asm
                  EXAMPLE   0x000000       data     static C:\Users\boy52\OneDrive\Documents\semester 4\ENT 346\Projects.X\serial 5\PPPP.X\Project.K.asm
                WREG_TEMP   0x000080       data     static C:\Users\boy52\OneDrive\Documents\semester 4\ENT 346\Projects.X\serial 5\PPPP.X\Project.K.asm
              STATUS_TEMP   0x000081       data     static C:\Users\boy52\OneDrive\Documents\semester 4\ENT 346\Projects.X\serial 5\PPPP.X\Project.K.asm
                 BSR_TEMP   0x000082       data     static C:\Users\boy52\OneDrive\Documents\semester 4\ENT 346\Projects.X\serial 5\PPPP.X\Project.K.asm
                       V1   0x000083       data     static C:\Users\boy52\OneDrive\Documents\semester 4\ENT 346\Projects.X\serial 5\PPPP.X\Project.K.asm
                       V2   0x000084       data     static C:\Users\boy52\OneDrive\Documents\semester 4\ENT 346\Projects.X\serial 5\PPPP.X\Project.K.asm
                        X   0x000085       data     static C:\Users\boy52\OneDrive\Documents\semester 4\ENT 346\Projects.X\serial 5\PPPP.X\Project.K.asm
                        Y   0x000086       data     static C:\Users\boy52\OneDrive\Documents\semester 4\ENT 346\Projects.X\serial 5\PPPP.X\Project.K.asm


