Microchip MPLAB XC8 Compiler V1.41 ()

Linker command line:

-W-3 --edf=C:\Program Files (x86)\Microchip\xc8\v1.41\dat\en_msgs.txt -cs \
  -h+dist/default/debug\C.in.X.debug.sym \
  --cmf=dist/default/debug\C.in.X.debug.cmf -z -Q18F1330 -oC:\temp\sfsc.2 \
  -Mdist/default/debug/C.in.X.debug.map -E1 -ver=XC8 -ASTACK=080h-0f3h \
  -pstack=STACK -ACODE=00h-01E3Fh -ACONST=00h-01E3Fh \
  -ASMALLCONST=0100h-01FFhx29,01E00h-01E3Fh -AMEDIUMCONST=0100h-01E3Fh \
  -ACOMRAM=01h-07Fh -AABS1=00h-0F3h -ABIGRAM=01h-0F3h -ARAM=080h-0F3h \
  -ABANK0=080h-0F3h \
  -ASFR=0F80h-0F9Bh,0F9Dh-0FD3h,0FD5h-0FDAh,0FE0h-0FE2h,0FE8h-0FEAh,0FF0h-0FFCh \
  -preset_vec=00h,intcode=08h,intcodelo,powerup,init -pramtop=0100h \
  -psmallconst=SMALLCONST -pmediumconst=MEDIUMCONST -pconst=CONST \
  -AFARRAM=00h-00h -ACONFIG=0300000h-030000Dh -pconfig=CONFIG \
  -AIDLOC=0200000h-0200007h -pidloc=IDLOC -AEEDATA=0F00000h-0F0007Fh \
  -peeprom_data=EEDATA \
  -prdata=COMRAM,nvrram=COMRAM,nvbit=COMRAM,rbss=COMRAM,rbit=COMRAM \
  -pfarbss=FARRAM,fardata=FARRAM,nvFARRAM=FARRAM \
  -pintsave_regs=BIGRAM,bigbss=BIGRAM,bigdata=BIGRAM -pbss=RAM \
  -pidata=CODE,irdata=CODE,ibigdata=CODE,ifardata=CODE -prparam=COMRAM \
  C:\temp\sfsc.obj dist/default/debug\C.in.X.debug.obj 

Object code version is 3.11

Machine type is 18F1330

Call graph: (short form)




                Name                               Link     Load   Length Selector   Space Scale
C:\temp\sfsc.obj
                init                                 86       86        4        4       0
                reset_vec                             0        0        6        0       0
                idloc                            200000   200000        8   200000       0
                config                           300000   300000        E   300000       0
dist/default/debug\C.in.X.debug.obj
                intcode                               8        8       7E        4       0
                temp                                  F        F        1        1       1
                text0                                8A       8A       1A        4       0
                cstackCOMRAM                          1        1        E        1       1
                cinit                                A4       A4        A        4       0

TOTAL           Name                               Link     Load   Length     Space
        CLASS   STACK          

        CLASS   CODE           
                intcode                               8        8       7E         0
                init                                 86       86        4         0
                reset_vec                             0        0        6         0
                text0                                8A       8A       1A         0
                cinit                                A4       A4        A         0

        CLASS   CONST          

        CLASS   SMALLCONST     

        CLASS   MEDIUMCONST    

        CLASS   COMRAM         
                temp                                  F        F        1         1
                cstackCOMRAM                          1        1        E         1

        CLASS   ABS1           

        CLASS   BIGRAM         

        CLASS   RAM            

        CLASS   BANK0          

        CLASS   SFR            

        CLASS   FARRAM         

        CLASS   CONFIG         
                config                           300000   300000        E         0

        CLASS   IDLOC          
                idloc                            200000   200000        8         0

        CLASS   EEDATA         



SEGMENTS        Name                           Load    Length   Top    Selector   Space  Class

                reset_vec                      000000  000006  000006         0       0  CODE    
                cstackCOMRAM                   000001  00000F  000010         1       1  COMRAM  
                intcode                        000008  0000A6  0000AE         4       0  CODE    
                idloc                          200000  000008  200008    200000       0  IDLOC   
                config                         300000  00000E  30000E    300000       0  CONFIG  


UNUSED ADDRESS RANGES

        Name                Unused          Largest block    Delta
        BANK0            000080-0000F3               74
        BIGRAM           000010-0000F3               E4
        CODE             000006-000007                2
                         0000AE-001E3F             1D92
        COMRAM           000010-00007F               70
        CONST            000006-000007                2
                         0000AE-001E3F             1D92
        EEDATA           F00000-F0007F               80
        MEDIUMCONST      000100-001E3F             1D40
        RAM              000080-0000F3               74
        SFR              000F80-000F9B               1C
                         000F9D-000FD3               37
                         000FD5-000FDA                6
                         000FE0-000FE2                3
                         000FE8-000FEA                3
                         000FF0-000FFC                D
        SMALLCONST       000100-001E3F              100
        STACK            000080-0000F3               74

                                  Symbol Table

_ADCON1bits                 (abs)        000FC1
_INTCON2bits                (abs)        000FF1
_INTCONbits                 (abs)        000FF2
_MyHighPriorityIsr          intcode      000008
_OSCCONbits                 (abs)        000FD3
_PORTBbits                  (abs)        000F81
_TRISAbits                  (abs)        000F92
_TRISBbits                  (abs)        000F93
__HRAM                      (abs)        000000
__Habs1                     abs1         000000
__Hbank0                    bank0        000000
__Hbigbss                   bigbss       000000
__Hbigdata                  bigdata      000000
__Hbigram                   bigram       000000
__Hbss                      bss          000000
__Hcinit                    cinit        000000
__Hclrtext                  clrtext      000000
__Hcomram                   comram       000000
__Hconfig                   config       30000E
__Hconst                    const        000000
__HcstackCOMRAM             cstackCOMRAM 000000
__Hdata                     data         000000
__Heeprom_data              eeprom_data  000000
__Hfarbss                   farbss       000000
__Hfardata                  fardata      000000
__Hibigdata                 ibigdata     000000
__Hidata                    idata        000000
__Hidloc                    idloc        200008
__Hifardata                 ifardata     000000
__Hinit                     init         00008A
__Hintcode                  intcode      000086
__Hintcode_body             intcode_body 000000
__Hintcodelo                intcodelo    000086
__Hintentry                 intentry     000000
__Hintret                   intret       000000
__Hintsave_regs             intsave_regs 000000
__Hirdata                   irdata       000000
__Hmediumconst              mediumconst  000000
__HnvFARRAM                 nvFARRAM     000000
__Hnvbit                    nvbit        000000
__Hnvrram                   nvrram       000000
__Hparam                    rparam       000000
__Hpowerup                  powerup      000086
__Hram                      ram          000000
__Hramtop                   ramtop       000100
__Hrbit                     rbit         000000
__Hrbss                     rbss         000000
__Hrdata                    rdata        000000
__Hreset_vec                reset_vec    000006
__Hrparam                   rparam       000000
__Hsfr                      sfr          000000
__Hsmallconst               smallconst   000000
__Hspace_0                  (abs)        30000E
__Hspace_1                  (abs)        000010
__Hspace_2                  (abs)        000000
__Hstack                    stack        000000
__Hstruct                   struct       000000
__Htemp                     temp         000010
__Htext                     text         000000
__Htext0                    text0        000000
__LRAM                      (abs)        000001
__Labs1                     abs1         000000
__Lbank0                    bank0        000000
__Lbigbss                   bigbss       000000
__Lbigdata                  bigdata      000000
__Lbigram                   bigram       000000
__Lbss                      bss          000000
__Lcinit                    cinit        000000
__Lclrtext                  clrtext      000000
__Lcomram                   comram       000000
__Lconfig                   config       300000
__Lconst                    const        000000
__LcstackCOMRAM             cstackCOMRAM 000000
__Ldata                     data         000000
__Leeprom_data              eeprom_data  000000
__Lfarbss                   farbss       000000
__Lfardata                  fardata      000000
__Libigdata                 ibigdata     000000
__Lidata                    idata        000000
__Lidloc                    idloc        200000
__Lifardata                 ifardata     000000
__Linit                     init         000086
__Lintcode                  intcode      000008
__Lintcode_body             intcode_body 000000
__Lintcodelo                intcodelo    000086
__Lintentry                 intentry     000000
__Lintret                   intret       000000
__Lintsave_regs             intsave_regs 000000
__Lirdata                   irdata       000000
__Lmediumconst              mediumconst  000000
__LnvFARRAM                 nvFARRAM     000000
__Lnvbit                    nvbit        000000
__Lnvrram                   nvrram       000000
__Lparam                    rparam       000000
__Lpowerup                  powerup      000086
__Lram                      ram          000000
__Lramtop                   ramtop       000100
__Lrbit                     rbit         000000
__Lrbss                     rbss         000000
__Lrdata                    rdata        000000
__Lreset_vec                reset_vec    000000
__Lrparam                   rparam       000000
__Lsfr                      sfr          000000
__Lsmallconst               smallconst   000000
__Lspace_0                  (abs)        000000
__Lspace_1                  (abs)        000000
__Lspace_2                  (abs)        000000
__Lstack                    stack        000000
__Lstruct                   struct       000000
__Ltemp                     temp         00000F
__Ltext                     text         000000
__Ltext0                    text0        000000
__S0                        (abs)        30000E
__S1                        (abs)        000010
__S2                        (abs)        000000
___inthi_sp                 stack        000000
___intlo_sp                 stack        000000
___param_bank               (abs)        000000
___rparam_used              (abs)        000001
___sp                       stack        000000
__accesstop                 (abs)        000080
__activetblptr              (abs)        000000
__end_of_MyHighPriorityIsr  intcode      000086
__end_of__initialization    cinit        0000A4
__end_of_main               text0        0000A4
__initialization            cinit        0000A4
__mediumconst               mediumconst  000000
__pcinit                    cinit        0000A4
__pcstackCOMRAM             cstackCOMRAM 000001
__pintcode                  intcode      000008
__ptext0                    text0        00008A
__ramtop                    ramtop       000100
__size_of_MyHighPriorityIsr (abs)        000000
__size_of_main              (abs)        000000
__smallconst                smallconst   000000
_main                       text0        00008A
btemp                       temp         00000F
end_of_initialization       cinit        0000A4
int$flags                   temp         00000F
intlevel0                   text         000000
intlevel1                   text         000000
intlevel2                   text         000000
intlevel3                   text         000000
stackhi                     (abs)        0000F3
stacklo                     (abs)        000080
start                       init         000086
start_initialization        cinit        0000A4


FUNCTION INFORMATION:

 *************** function _main *****************
 Defined at:
		line 35 in file "interrupt.c"
 Parameters:    Size  Location     Type
		None
 Auto vars:     Size  Location     Type
		None
 Return value:  Size  Location     Type
                  1    wreg      void 
 Registers used:
		None
 Tracked objects:
		On entry : 
		On exit  : 
		Unchanged: 
 Data sizes:     COMRAM   BANK0
      Params:         0       0
      Locals:         0       0
      Temps:          0       0
      Totals:         0       0
Total ram usage:        0 bytes
 Hardware stack levels required when called:    1
 This function calls:
		Nothing
 This function is called by:
		Startup code after reset
 This function uses a non-reentrant model


 *************** function _MyHighPriorityIsr *****************
 Defined at:
		line 22 in file "interrupt.c"
 Parameters:    Size  Location     Type
		None
 Auto vars:     Size  Location     Type
		None
 Return value:  Size  Location     Type
                  1    wreg      void 
 Registers used:
		None
 Tracked objects:
		On entry : 
		On exit  : 
		Unchanged: 
 Data sizes:     COMRAM   BANK0
      Params:         0       0
      Locals:         0       0
      Temps:         14       0
      Totals:        14       0
Total ram usage:       14 bytes
 Hardware stack levels used:    1
 This function calls:
		Nothing
 This function is called by:
		Interrupt level 2
 This function uses a non-reentrant model



MODULE INFORMATION

Module		Function		Class		Link	Load	Size
interrupt.c
		_main          		CODE           	008A	0000	27
		_MyHighPriorityIsr		CODE           	0008	0000	127

interrupt.c estimated size: 154

shared
		__initialization		CODE           	00A4	0000	1

shared estimated size: 1

