Microchip MPLAB XC8 Compiler V1.41 ()

Linker command line:

-W-3 --edf=C:\Program Files (x86)\Microchip\xc8\v1.41\dat\en_msgs.txt -cs \
  -h+dist/default/debug\serial_3.X.debug.sym \
  --cmf=dist/default/debug\serial_3.X.debug.cmf -z -Q18F1330 \
  -oC:\temp\s2gg.2 -Mdist/default/debug/serial_3.X.debug.map -E1 -ver=XC8 \
  -ASTACK=080h-0f3h -pstack=STACK -ACODE=00h-01E3Fh -ACONST=00h-01E3Fh \
  -ASMALLCONST=0100h-01FFhx29,01E00h-01E3Fh -AMEDIUMCONST=0100h-01E3Fh \
  -ACOMRAM=01h-07Fh -AABS1=00h-0F3h -ABIGRAM=01h-0F3h -ARAM=080h-0F3h \
  -ABANK0=080h-0F3h \
  -ASFR=0F80h-0F9Bh,0F9Dh-0FD3h,0FD5h-0FDAh,0FE0h-0FE2h,0FE8h-0FEAh,0FF0h-0FFCh \
  -preset_vec=00h,intcode=08h,intcodelo,powerup,init -pramtop=0100h \
  -psmallconst=SMALLCONST -pmediumconst=MEDIUMCONST -pconst=CONST \
  -AFARRAM=00h-00h -ACONFIG=0300000h-030000Dh -pconfig=CONFIG \
  -AIDLOC=0200000h-0200007h -pidloc=IDLOC -AEEDATA=0F00000h-0F0007Fh \
  -peeprom_data=EEDATA \
  -prdata=COMRAM,nvrram=COMRAM,nvbit=COMRAM,rbss=COMRAM,rbit=COMRAM \
  -pfarbss=FARRAM,fardata=FARRAM,nvFARRAM=FARRAM \
  -pintsave_regs=BIGRAM,bigbss=BIGRAM,bigdata=BIGRAM -pbss=RAM \
  -pidata=CODE,irdata=CODE,ibigdata=CODE,ifardata=CODE -prparam=COMRAM \
  C:\temp\s2gg.obj dist/default/debug\serial_3.X.debug.obj 

Object code version is 3.11

Machine type is 18F1330

Call graph: (short form)




                Name                               Link     Load   Length Selector   Space Scale
C:\temp\s2gg.obj
                init                                 A4       A4        4        4       0
                reset_vec                             0        0        6        0       0
                idloc                            200000   200000        8   200000       0
                config                           300000   300000        E   300000       0
dist/default/debug\serial_3.X.debug.obj
                intcode                               8        8       9C        4       0
                temp                                 24       24        1        1       1
                text1                               132      132       36        4       0
                text0                                A8       A8       8A        4       0
                cstackCOMRAM                          1        1       13        1       1
                bssCOMRAM                            14       14        F        1       1
                cinit                               168      168       16        4       0
                nvCOMRAM                             23       23        1        1       1

TOTAL           Name                               Link     Load   Length     Space
        CLASS   STACK          

        CLASS   CODE           
                intcode                               8        8       9C         0
                init                                 A4       A4        4         0
                reset_vec                             0        0        6         0
                text1                               132      132       36         0
                text0                                A8       A8       8A         0
                cinit                               168      168       16         0

        CLASS   CONST          

        CLASS   SMALLCONST     

        CLASS   MEDIUMCONST    

        CLASS   COMRAM         
                temp                                 24       24        1         1
                cstackCOMRAM                          1        1       13         1
                bssCOMRAM                            14       14        F         1
                nvCOMRAM                             23       23        1         1

        CLASS   ABS1           

        CLASS   BIGRAM         

        CLASS   RAM            

        CLASS   BANK0          

        CLASS   SFR            

        CLASS   FARRAM         

        CLASS   CONFIG         
                config                           300000   300000        E         0

        CLASS   IDLOC          
                idloc                            200000   200000        8         0

        CLASS   EEDATA         



SEGMENTS        Name                           Load    Length   Top    Selector   Space  Class

                reset_vec                      000000  000006  000006         0       0  CODE    
                cstackCOMRAM                   000001  000024  000025         1       1  COMRAM  
                intcode                        000008  000176  00017E         4       0  CODE    
                idloc                          200000  000008  200008    200000       0  IDLOC   
                config                         300000  00000E  30000E    300000       0  CONFIG  


UNUSED ADDRESS RANGES

        Name                Unused          Largest block    Delta
        BANK0            000080-0000F3               74
        BIGRAM           000025-0000F3               CF
        CODE             000006-000007                2
                         00017E-001E3F             1CC2
        COMRAM           000025-00007F               5B
        CONST            000006-000007                2
                         00017E-001E3F             1CC2
        EEDATA           F00000-F0007F               80
        MEDIUMCONST      00017E-001E3F             1CC2
        RAM              000080-0000F3               74
        SFR              000F80-000F9B               1C
                         000F9D-000FD3               37
                         000FD5-000FDA                6
                         000FE0-000FE2                3
                         000FE8-000FEA                3
                         000FF0-000FFC                D
        SMALLCONST       00017E-001E3F              100
        STACK            000080-0000F3               74

                                  Symbol Table

Delay_Sec@i2             cstackCOMRAM 00000F
Delay_Sec@iseconds       cstackCOMRAM 000012
_BAUDCONbits             (abs)        000FB8
_Delay_Sec               text1        000132
_Dummy_Var               nvCOMRAM     000023
_Get_Header              bssCOMRAM    00001C
_Get_Header_2            bssCOMRAM    00001B
_Get_Serial              intcode      000008
_Get_X_Axis              bssCOMRAM    00001F
_Get_Y_Axis              bssCOMRAM    00001E
_Get_Z_Axis              bssCOMRAM    00001D
_Got_Byte                bssCOMRAM    000014
_INTCONbits              (abs)        000FF2
_Info_Received           bssCOMRAM    000019
_Number_Bytes_Received   bssCOMRAM    00001A
_OSCCON                  (abs)        000FD3
_PIE1bits                (abs)        000F9D
_PORTBbits               (abs)        000F81
_RCIF                    (abs)        007CF5
_RCREG                   (abs)        000FAE
_RCSTAbits               (abs)        000FAB
_SPBRG                   (abs)        000FAF
_T0CONbits               (abs)        000FD5
_TMR0H                   (abs)        000FD7
_TMR0IF                  (abs)        007F92
_TMR0L                   (abs)        000FD6
_TRISAbits               (abs)        000F92
_TRISBbits               (abs)        000F93
_TXSTAbits               (abs)        000FAC
_X_Axis                  bssCOMRAM    000022
_Y_Axis                  bssCOMRAM    000021
_Z_Axis                  bssCOMRAM    000020
__CFG_BBSIZ$BB256        (abs)        000000
__CFG_BOR$BOHW           (abs)        000000
__CFG_BORV$3             (abs)        000000
__CFG_CP0$OFF            (abs)        000000
__CFG_CP1$OFF            (abs)        000000
__CFG_CPB$OFF            (abs)        000000
__CFG_CPD$OFF            (abs)        000000
__CFG_EBTR0$OFF          (abs)        000000
__CFG_EBTR1$OFF          (abs)        000000
__CFG_EBTRB$OFF          (abs)        000000
__CFG_FCMEN$OFF          (abs)        000000
__CFG_FLTAMX$RA5         (abs)        000000
__CFG_HPOL$HIGH          (abs)        000000
__CFG_IESO$OFF           (abs)        000000
__CFG_LPOL$HIGH          (abs)        000000
__CFG_MCLRE$ON           (abs)        000000
__CFG_OSC$INTIO1         (abs)        000000
__CFG_PWMPIN$OFF         (abs)        000000
__CFG_PWRT$OFF           (abs)        000000
__CFG_STVREN$ON          (abs)        000000
__CFG_T1OSCMX$LOW        (abs)        000000
__CFG_WDT$OFF            (abs)        000000
__CFG_WDTPS$32768        (abs)        000000
__CFG_WRT0$OFF           (abs)        000000
__CFG_WRT1$OFF           (abs)        000000
__CFG_WRTB$OFF           (abs)        000000
__CFG_WRTC$OFF           (abs)        000000
__CFG_WRTD$OFF           (abs)        000000
__CFG_XINST$OFF          (abs)        000000
__HRAM                   (abs)        000000
__Habs1                  abs1         000000
__Hbank0                 bank0        000000
__Hbigbss                bigbss       000000
__Hbigdata               bigdata      000000
__Hbigram                bigram       000000
__Hbss                   bss          000000
__HbssCOMRAM             bssCOMRAM    000000
__Hcinit                 cinit        000000
__Hclrtext               clrtext      000000
__Hcomram                comram       000000
__Hconfig                config       30000E
__Hconst                 const        000000
__HcstackCOMRAM          cstackCOMRAM 000000
__Hdata                  data         000000
__Heeprom_data           eeprom_data  000000
__Hfarbss                farbss       000000
__Hfardata               fardata      000000
__Hibigdata              ibigdata     000000
__Hidata                 idata        000000
__Hidloc                 idloc        200008
__Hifardata              ifardata     000000
__Hinit                  init         0000A8
__Hintcode               intcode      0000A4
__Hintcode_body          intcode_body 000000
__Hintcodelo             intcodelo    0000A4
__Hintentry              intentry     000000
__Hintret                intret       000000
__Hintsave_regs          intsave_regs 000000
__Hirdata                irdata       000000
__Hmediumconst           mediumconst  000000
__HnvCOMRAM              nvCOMRAM     000000
__HnvFARRAM              nvFARRAM     000000
__Hnvbit                 nvbit        000000
__Hnvrram                nvrram       000000
__Hparam                 rparam       000000
__Hpowerup               powerup      0000A4
__Hram                   ram          000000
__Hramtop                ramtop       000100
__Hrbit                  rbit         000000
__Hrbss                  rbss         000000
__Hrdata                 rdata        000000
__Hreset_vec             reset_vec    000006
__Hrparam                rparam       000000
__Hsfr                   sfr          000000
__Hsmallconst            smallconst   000000
__Hspace_0               (abs)        30000E
__Hspace_1               (abs)        000025
__Hspace_2               (abs)        000000
__Hstack                 stack        000000
__Hstruct                struct       000000
__Htemp                  temp         000025
__Htext                  text         000000
__Htext0                 text0        000000
__Htext1                 text1        000000
__LRAM                   (abs)        000001
__Labs1                  abs1         000000
__Lbank0                 bank0        000000
__Lbigbss                bigbss       000000
__Lbigdata               bigdata      000000
__Lbigram                bigram       000000
__Lbss                   bss          000000
__LbssCOMRAM             bssCOMRAM    000000
__Lcinit                 cinit        000000
__Lclrtext               clrtext      000000
__Lcomram                comram       000000
__Lconfig                config       300000
__Lconst                 const        000000
__LcstackCOMRAM          cstackCOMRAM 000000
__Ldata                  data         000000
__Leeprom_data           eeprom_data  000000
__Lfarbss                farbss       000000
__Lfardata               fardata      000000
__Libigdata              ibigdata     000000
__Lidata                 idata        000000
__Lidloc                 idloc        200000
__Lifardata              ifardata     000000
__Linit                  init         0000A4
__Lintcode               intcode      000008
__Lintcode_body          intcode_body 000000
__Lintcodelo             intcodelo    0000A4
__Lintentry              intentry     000000
__Lintret                intret       000000
__Lintsave_regs          intsave_regs 000000
__Lirdata                irdata       000000
__Lmediumconst           mediumconst  000000
__LnvCOMRAM              nvCOMRAM     000000
__LnvFARRAM              nvFARRAM     000000
__Lnvbit                 nvbit        000000
__Lnvrram                nvrram       000000
__Lparam                 rparam       000000
__Lpowerup               powerup      0000A4
__Lram                   ram          000000
__Lramtop                ramtop       000100
__Lrbit                  rbit         000000
__Lrbss                  rbss         000000
__Lrdata                 rdata        000000
__Lreset_vec             reset_vec    000000
__Lrparam                rparam       000000
__Lsfr                   sfr          000000
__Lsmallconst            smallconst   000000
__Lspace_0               (abs)        000000
__Lspace_1               (abs)        000000
__Lspace_2               (abs)        000000
__Lstack                 stack        000000
__Lstruct                struct       000000
__Ltemp                  temp         000024
__Ltext                  text         000000
__Ltext0                 text0        000000
__Ltext1                 text1        000000
__S0                     (abs)        30000E
__S1                     (abs)        000025
__S2                     (abs)        000000
___inthi_sp              stack        000000
___intlo_sp              stack        000000
___param_bank            (abs)        000000
___rparam_used           (abs)        000001
___sp                    stack        000000
__accesstop              (abs)        000080
__activetblptr           (abs)        000000
__end_of_Delay_Sec       text1        000168
__end_of_Get_Serial      intcode      0000A4
__end_of__initialization cinit        000174
__end_of_main            text0        000132
__initialization         cinit        000168
__mediumconst            mediumconst  000000
__pbssCOMRAM             bssCOMRAM    000014
__pcinit                 cinit        000168
__pcstackCOMRAM          cstackCOMRAM 000001
__pintcode               intcode      000008
__pnvCOMRAM              nvCOMRAM     000023
__ptext0                 text0        0000A8
__ptext1                 text1        000132
__ramtop                 ramtop       000100
__size_of_Delay_Sec      (abs)        000000
__size_of_Get_Serial     (abs)        000000
__size_of_main           (abs)        000000
__smallconst             smallconst   000000
_main                    text0        0000A8
btemp                    temp         000024
end_of_initialization    cinit        000174
int$flags                temp         000024
intlevel0                text         000000
intlevel1                text         000000
intlevel2                text         000000
intlevel3                text         000000
stackhi                  (abs)        0000F3
stacklo                  (abs)        000080
start                    init         0000A4
start_initialization     cinit        000168


FUNCTION INFORMATION:

 *************** function _main *****************
 Defined at:
		line 134 in file "../../../Receive1ByteLED.c"
 Parameters:    Size  Location     Type
		None
 Auto vars:     Size  Location     Type
		None
 Return value:  Size  Location     Type
                  2   71[None  ] int 
 Registers used:
		wreg, status,2, status,0, cstack
 Tracked objects:
		On entry : 
		On exit  : 
		Unchanged: 
 Data sizes:     COMRAM   BANK0
      Params:         0       0
      Locals:         0       0
      Temps:          0       0
      Totals:         0       0
Total ram usage:        0 bytes
 Hardware stack levels required when called:    2
 This function calls:
		_Delay_Sec
 This function is called by:
		Startup code after reset
 This function uses a non-reentrant model


 *************** function _Delay_Sec *****************
 Defined at:
		line 80 in file "../../../Receive1ByteLED.c"
 Parameters:    Size  Location     Type
  i2              2   14[COMRAM] int 
 Auto vars:     Size  Location     Type
  iseconds        2   17[COMRAM] int 
 Return value:  Size  Location     Type
                  1    wreg      void 
 Registers used:
		wreg, status,2, status,0
 Tracked objects:
		On entry : 
		On exit  : 
		Unchanged: 
 Data sizes:     COMRAM   BANK0
      Params:         2       0
      Locals:         2       0
      Temps:          1       0
      Totals:         5       0
Total ram usage:        5 bytes
 Hardware stack levels used:    1
 Hardware stack levels required when called:    1
 This function calls:
		Nothing
 This function is called by:
		_main
 This function uses a non-reentrant model


 *************** function _Get_Serial *****************
 Defined at:
		line 119 in file "../../../Receive1ByteLED.c"
 Parameters:    Size  Location     Type
		None
 Auto vars:     Size  Location     Type
		None
 Return value:  Size  Location     Type
                  1    wreg      void 
 Registers used:
		wreg, fsr2l, fsr2h, status,2, status,0, prodl, prodh
 Tracked objects:
		On entry : 
		On exit  : 
		Unchanged: 
 Data sizes:     COMRAM   BANK0
      Params:         0       0
      Locals:         0       0
      Temps:         14       0
      Totals:        14       0
Total ram usage:       14 bytes
 Hardware stack levels used:    1
 This function calls:
		Nothing
 This function is called by:
		Interrupt level 2
 This function uses a non-reentrant model



MODULE INFORMATION

Module		Function		Class		Link	Load	Size
../../../Receive1ByteLED.c
		_main          		CODE           	00A8	0000	139
		_Delay_Sec     		CODE           	0132	0000	55
		_Get_Serial    		CODE           	0008	0000	157

../../../Receive1ByteLED.c estimated size: 351

shared
		__initialization		CODE           	0168	0000	13

shared estimated size: 13

