MPLINK 5.08, LINKER
Linker Map File - Created Fri Mar 16 17:00:54 2018

                                 Section Info
                  Section       Type    Address   Location Size(Bytes)
                ---------  ---------  ---------  ---------  ---------
             RESET_VECTOR       code   0x000000    program   0x000004
                   .cinit    romdata   0x000004    program   0x000002
            HI_INT_VECTOR       code   0x000008    program   0x000002
           LOW_INT_VECTOR       code   0x000018    program   0x000002
                    .code       code   0x00001a    program   0x000070
                    dbgP0       code   0x001e40    program   0x0001c0
.config_300001_BUILD/DEFAULT/DEBUG/_EXT/5179423    romdata   0x300001    program   0x000001
.config_300003_BUILD/DEFAULT/DEBUG/_EXT/5179423    romdata   0x300003    program   0x000001
              DATA_EEPROM       code   0xf00000    program   0x000010
               .udata_acs      udata   0x000000       data   0x000001
                   .udata      udata   0x000080       data   0x000003
                    dbgD0      udata   0x0000f4       data   0x00000c



                              Program Memory Usage 
                               Start         End      
                           ---------   ---------      
                            0x000000    0x000005      
                            0x000008    0x000009      
                            0x000018    0x000089      
                            0x001e40    0x001fff      
                            0x300001    0x300001      
                            0x300003    0x300003      
                            0xf00000    0xf0000f      
            588 out of 8344 program addresses used, program memory utilization is 7%



                              Symbols - Sorted by Name
                     Name    Address   Location    Storage File                     
                ---------  ---------  ---------  --------- ---------                
                  HighInt   0x00001a    program     static ..\..\..\..\..\..\..\Downloads\LAB2.asm
                    Light   0x000050    program     static ..\..\..\..\..\..\..\Downloads\LAB2.asm
                   LowInt   0x00001c    program     static ..\..\..\..\..\..\..\Downloads\LAB2.asm
                     Main   0x000036    program     static ..\..\..\..\..\..\..\Downloads\LAB2.asm
                   StartX   0x000056    program     static ..\..\..\..\..\..\..\Downloads\LAB2.asm
                   StartY   0x00006c    program     static ..\..\..\..\..\..\..\Downloads\LAB2.asm
        Switch_Not_Pushed   0x000084    program     static ..\..\..\..\..\..\..\Downloads\LAB2.asm
            Switch_Pushed   0x000056    program     static ..\..\..\..\..\..\..\Downloads\LAB2.asm
                WaitMore1   0x000060    program     static ..\..\..\..\..\..\..\Downloads\LAB2.asm
                WaitMore2   0x000076    program     static ..\..\..\..\..\..\..\Downloads\LAB2.asm
                 BSR_TEMP   0x000082       data     static ..\..\..\..\..\..\..\Downloads\LAB2.asm
                  EXAMPLE   0x000000       data     static ..\..\..\..\..\..\..\Downloads\LAB2.asm
              STATUS_TEMP   0x000081       data     static ..\..\..\..\..\..\..\Downloads\LAB2.asm
                WREG_TEMP   0x000080       data     static ..\..\..\..\..\..\..\Downloads\LAB2.asm



                              Symbols - Sorted by Address
                     Name    Address   Location    Storage File                     
                ---------  ---------  ---------  --------- ---------                
                  HighInt   0x00001a    program     static ..\..\..\..\..\..\..\Downloads\LAB2.asm
                   LowInt   0x00001c    program     static ..\..\..\..\..\..\..\Downloads\LAB2.asm
                     Main   0x000036    program     static ..\..\..\..\..\..\..\Downloads\LAB2.asm
                    Light   0x000050    program     static ..\..\..\..\..\..\..\Downloads\LAB2.asm
                   StartX   0x000056    program     static ..\..\..\..\..\..\..\Downloads\LAB2.asm
            Switch_Pushed   0x000056    program     static ..\..\..\..\..\..\..\Downloads\LAB2.asm
                WaitMore1   0x000060    program     static ..\..\..\..\..\..\..\Downloads\LAB2.asm
                   StartY   0x00006c    program     static ..\..\..\..\..\..\..\Downloads\LAB2.asm
                WaitMore2   0x000076    program     static ..\..\..\..\..\..\..\Downloads\LAB2.asm
        Switch_Not_Pushed   0x000084    program     static ..\..\..\..\..\..\..\Downloads\LAB2.asm
                  EXAMPLE   0x000000       data     static ..\..\..\..\..\..\..\Downloads\LAB2.asm
                WREG_TEMP   0x000080       data     static ..\..\..\..\..\..\..\Downloads\LAB2.asm
              STATUS_TEMP   0x000081       data     static ..\..\..\..\..\..\..\Downloads\LAB2.asm
                 BSR_TEMP   0x000082       data     static ..\..\..\..\..\..\..\Downloads\LAB2.asm


